// Jest Snapshot v1, https://goo.gl/fbAQLP

exports[`MyOrders should match the snapshot 1`] = `
<div>
  <main
    id="myOrdersMain"
  >
    <div
      id="headingSection"
    >
      <span
        class="nameColumn"
      >
        Name
      </span>
      <span
        class="qtyColumn"
      >
        QTY
      </span>
      <span
        class="priceColumn"
      >
        Price
      </span>
      <span
        class="orderDateColumn"
      >
        Order Date
      </span>
      <span
        class="orderStatus"
      >
        Status
      </span>
    </div>
    <div
      class="order"
      role="cell"
      style="opacity: 1; webkit-transition: opacity 1000ms cubic-bezier(0.4, 0, 0.2, 1) 0ms; transition: opacity 1000ms cubic-bezier(0.4, 0, 0.2, 1) 0ms;"
    >
      <span
        class="nameColumn"
      >
        1
      </span>
      <div
        class="firstTwo"
      >
        <span
          class="qtyColumn"
        >
          1
        </span>
        <span
          class="priceColumn"
        >
          12
           BGN
        </span>
      </div>
      <span
        class="orderDateColumn"
      >
        2023-05-31 04:16
      </span>
      <div
        class="orderStatus"
      >
        <span>
          Declined
        </span>
        <a
          class="cancelOrder"
        />
      </div>
    </div>
    <div
      class="order"
      role="cell"
      style="opacity: 1; webkit-transition: opacity 1000ms cubic-bezier(0.4, 0, 0.2, 1) 0ms; transition: opacity 1000ms cubic-bezier(0.4, 0, 0.2, 1) 0ms;"
    >
      <span
        class="nameColumn"
      >
        2
      </span>
      <div
        class="firstTwo"
      >
        <span
          class="qtyColumn"
        >
          2
        </span>
        <span
          class="priceColumn"
        >
          12
           BGN
        </span>
      </div>
      <span
        class="orderDateColumn"
      >
        2023-05-31 04:17
      </span>
      <div
        class="orderStatus"
      >
        <span>
          Pending
        </span>
        <a
          class="cancelOrder"
        >
          <svg
            aria-hidden="true"
            class="MuiSvgIcon-root MuiSvgIcon-fontSizeMedium css-i4bv87-MuiSvgIcon-root"
            data-testid="CloseIcon"
            focusable="false"
            viewBox="0 0 24 24"
          >
            <path
              d="M19 6.41 17.59 5 12 10.59 6.41 5 5 6.41 10.59 12 5 17.59 6.41 19 12 13.41 17.59 19 19 17.59 13.41 12z"
            />
          </svg>
        </a>
      </div>
    </div>
  </main>
</div>
`;
