// Jest Snapshot v1, https://goo.gl/fbAQLP

exports[`PendingOrders should match the snapshot 1`] = `
<div>
  <main
    id="pendingOrdersMain"
  >
    <div
      id="headingSection"
    >
      <span
        class="codeColumn"
      >
        Code
      </span>
      <span
        class="qtyColumn"
      >
        QTY
      </span>
      <span
        class="priceColumn"
      >
        Price
      </span>
      <span
        class="orderedByColumn"
      >
        Ordered By
      </span>
      <span
        class="orderDateColumn"
      >
        Order Date
      </span>
      <span
        class="actionColumn"
      >
        Action
      </span>
    </div>
    <div
      class="order"
      role="cell"
      style="opacity: 1; webkit-transition: opacity 1000ms cubic-bezier(0.4, 0, 0.2, 1) 0ms; transition: opacity 1000ms cubic-bezier(0.4, 0, 0.2, 1) 0ms;"
    >
      <div
        class="firstThree"
      >
        <span
          class="codeColumn"
        >
          1
        </span>
        <span
          class="qtyColumn"
        >
          1
        </span>
        <span
          class="priceColumn"
        >
          12
           BGN
        </span>
      </div>
      <span
        class="orderedByColumn"
      >
        ERedzhepov@vsgbg.com
      </span>
      <span
        class="orderDateColumn"
      >
        2023-05-31 04:16
      </span>
      <button
        class="actionColumn completeButton"
      >
        Complete
      </button>
    </div>
    <div
      class="order"
      role="cell"
      style="opacity: 1; webkit-transition: opacity 1000ms cubic-bezier(0.4, 0, 0.2, 1) 0ms; transition: opacity 1000ms cubic-bezier(0.4, 0, 0.2, 1) 0ms;"
    >
      <div
        class="firstThree"
      >
        <span
          class="codeColumn"
        >
          2
        </span>
        <span
          class="qtyColumn"
        >
          2
        </span>
        <span
          class="priceColumn"
        >
          12
           BGN
        </span>
      </div>
      <span
        class="orderedByColumn"
      >
        ERedzhepov@vsgbg.com
      </span>
      <span
        class="orderDateColumn"
      >
        2023-05-31 04:17
      </span>
      <button
        class="actionColumn completeButton"
      >
        Complete
      </button>
    </div>
  </main>
</div>
`;
