// Jest Snapshot v1, https://goo.gl/fbAQLP

exports[`Inventory should search and find 4 rows 1`] = `
[
  <tr
    class="MuiTableRow-root MuiTableRow-head css-1q1u3t4-MuiTableRow-root"
  >
    <th
      class="MuiTableCell-root MuiTableCell-head MuiTableCell-sizeMedium css-nmbvi2-MuiTableCell-root"
      scope="col"
    >
      <b>
        Code
      </b>
    </th>
    <th
      class="MuiTableCell-root MuiTableCell-head MuiTableCell-sizeMedium css-nmbvi2-MuiTableCell-root"
      scope="col"
    >
      <b>
        Name
      </b>
    </th>
    <th
      class="MuiTableCell-root MuiTableCell-head MuiTableCell-sizeMedium css-nmbvi2-MuiTableCell-root"
      scope="col"
    >
      <b>
        Category
      </b>
    </th>
    <th
      class="MuiTableCell-root MuiTableCell-head MuiTableCell-sizeMedium css-nmbvi2-MuiTableCell-root"
      scope="col"
    >
      <b>
        For Sale
      </b>
    </th>
    <th
      class="MuiTableCell-root MuiTableCell-head MuiTableCell-sizeMedium css-nmbvi2-MuiTableCell-root"
      scope="col"
    >
      <b>
        QTY
      </b>
    </th>
    <th
      class="MuiTableCell-root MuiTableCell-head MuiTableCell-sizeMedium css-nmbvi2-MuiTableCell-root"
      scope="col"
    >
      <b>
        Actions
      </b>
    </th>
  </tr>,
  <tr
    class="MuiTableRow-root css-8exs75-MuiTableRow-root"
    id="1"
    style="opacity: 1; webkit-transition: opacity 500ms cubic-bezier(0.4, 0, 0.2, 1) 0ms; transition: opacity 500ms cubic-bezier(0.4, 0, 0.2, 1) 0ms;"
  >
    <td
      class="MuiTableCell-root MuiTableCell-body MuiTableCell-sizeMedium css-132a6sb-MuiTableCell-root"
    >
      234234dfbdfbdf
    </td>
    <td
      class="MuiTableCell-root MuiTableCell-body MuiTableCell-sizeMedium css-132a6sb-MuiTableCell-root"
    >
      HP 41
    </td>
    <td
      class="MuiTableCell-root MuiTableCell-body MuiTableCell-sizeMedium css-132a6sb-MuiTableCell-root"
    >
      Laptop
    </td>
    <td
      class="MuiTableCell-root MuiTableCell-body MuiTableCell-sizeMedium css-132a6sb-MuiTableCell-root"
    >
      12
    </td>
    <td
      class="MuiTableCell-root MuiTableCell-body MuiTableCell-sizeMedium css-132a6sb-MuiTableCell-root"
    >
      14
    </td>
    <td
      class="MuiTableCell-root MuiTableCell-body MuiTableCell-sizeMedium css-132a6sb-MuiTableCell-root"
    >
      <a
        class="edit"
      >
        <svg
          aria-hidden="true"
          class="MuiSvgIcon-root MuiSvgIcon-fontSizeMedium css-i4bv87-MuiSvgIcon-root"
          data-testid="EditIcon"
          focusable="false"
          viewBox="0 0 24 24"
        >
          <path
            d="M3 17.25V21h3.75L17.81 9.94l-3.75-3.75L3 17.25zM20.71 7.04c.39-.39.39-1.02 0-1.41l-2.34-2.34a.9959.9959 0 0 0-1.41 0l-1.83 1.83 3.75 3.75 1.83-1.83z"
          />
        </svg>
      </a>
      <a
        class="delete"
      >
        <svg
          aria-hidden="true"
          class="MuiSvgIcon-root MuiSvgIcon-fontSizeMedium css-i4bv87-MuiSvgIcon-root"
          data-testid="DeleteOutlineIcon"
          focusable="false"
          viewBox="0 0 24 24"
        >
          <path
            d="M6 19c0 1.1.9 2 2 2h8c1.1 0 2-.9 2-2V7H6v12zM8 9h8v10H8V9zm7.5-5-1-1h-5l-1 1H5v2h14V4z"
          />
        </svg>
      </a>
    </td>
  </tr>,
  <tr
    class="MuiTableRow-root MuiTableRow-footer css-1nd9etx-MuiTableRow-root"
  >
    <td
      class="MuiTableCell-root MuiTableCell-footer MuiTableCell-sizeMedium css-1lch3uy-MuiTableCell-root"
    />
    <td
      class="MuiTableCell-root MuiTableCell-footer MuiTableCell-sizeMedium css-1lch3uy-MuiTableCell-root"
    />
    <td
      class="MuiTableCell-root MuiTableCell-footer MuiTableCell-sizeMedium css-1lch3uy-MuiTableCell-root"
    />
    <td
      class="MuiTableCell-root MuiTableCell-footer MuiTableCell-sizeMedium css-1lch3uy-MuiTableCell-root"
    />
    <td
      class="MuiTableCell-root MuiTableCell-footer MuiTableCell-sizeMedium css-1lch3uy-MuiTableCell-root"
    />
    <td
      class="MuiTableCell-root MuiTableCell-footer MuiTableCell-sizeMedium css-1lch3uy-MuiTableCell-root"
    />
  </tr>,
  <tr
    class="MuiTableRow-root MuiTableRow-footer css-1q1u3t4-MuiTableRow-root"
  >
    <td
      class="MuiTableCell-root MuiTableCell-footer MuiTableCell-sizeMedium MuiTablePagination-root css-fikjyc-MuiTableCell-root-MuiTablePagination-root"
      colspan="1000"
    >
      <div
        class="MuiToolbar-root MuiToolbar-gutters MuiToolbar-regular MuiTablePagination-toolbar css-78c6dr-MuiToolbar-root-MuiTablePagination-toolbar"
      >
        <div
          class="MuiTablePagination-spacer css-1psng7p-MuiTablePagination-spacer"
        />
        <p
          class="MuiTablePagination-displayedRows css-levciy-MuiTablePagination-displayedRows"
        >
          1â€“1 of 1
        </p>
        <div
          class="MuiTablePagination-actions"
        >
          <button
            aria-label="Go to previous page"
            class="MuiButtonBase-root Mui-disabled MuiIconButton-root Mui-disabled MuiIconButton-colorInherit MuiIconButton-sizeMedium css-zylse7-MuiButtonBase-root-MuiIconButton-root"
            disabled=""
            tabindex="-1"
            title="Go to previous page"
            type="button"
          >
            <svg
              aria-hidden="true"
              class="MuiSvgIcon-root MuiSvgIcon-fontSizeMedium css-i4bv87-MuiSvgIcon-root"
              data-testid="KeyboardArrowLeftIcon"
              focusable="false"
              viewBox="0 0 24 24"
            >
              <path
                d="M15.41 16.09l-4.58-4.59 4.58-4.59L14 5.5l-6 6 6 6z"
              />
            </svg>
          </button>
          <button
            aria-label="Go to next page"
            class="MuiButtonBase-root Mui-disabled MuiIconButton-root Mui-disabled MuiIconButton-colorInherit MuiIconButton-sizeMedium css-zylse7-MuiButtonBase-root-MuiIconButton-root"
            disabled=""
            tabindex="-1"
            title="Go to next page"
            type="button"
          >
            <svg
              aria-hidden="true"
              class="MuiSvgIcon-root MuiSvgIcon-fontSizeMedium css-i4bv87-MuiSvgIcon-root"
              data-testid="KeyboardArrowRightIcon"
              focusable="false"
              viewBox="0 0 24 24"
            >
              <path
                d="M8.59 16.34l4.58-4.59-4.58-4.59L10 5.75l6 6-6 6z"
              />
            </svg>
          </button>
        </div>
      </div>
    </td>
  </tr>,
]
`;
